Manual API available at http://127.0.0.1:3001
POST /auth/login
GET /integrations/grades/status
GET /students/me
GET /integrations/grades/gpa
GET /integrations/grades/current
GET /auth/me
GET /integrations/grades/status
GET /students/me
GET /integrations/grades/status
GET /integrations/canvas/status
PATCH /students/me/profile
GET /auth/me
GET /integrations/grades/status
GET /integrations/grades/status
GET /students/me
GET /integrations/canvas/status
PATCH /students/me/profile
GET /auth/me
GET /integrations/grades/status
GET /integrations/grades/status
GET /students/me
GET /integrations/canvas/status
PATCH /students/me/profile
GET /auth/me
GET /integrations/grades/status
GET /integrations/grades/status
GET /students/me
GET /integrations/canvas/status
