Manual API available at http://127.0.0.1:3001
GET /auth/me
GET /integrations/grades/status
GET /integrations/grades/status
GET /students/me
GET /integrations/canvas/status
POST /auth/logout
POST /auth/login
GET /integrations/grades/status
GET /students/me
GET /integrations/grades/gpa
GET /integrations/grades/current
GET /students/me
GET /integrations/grades/status
GET /integrations/canvas/status
GET /students/me
GET /integrations/grades/gpa
GET /integrations/grades/current
POST /auth/login
GET /integrations/grades/status
GET /students/me
GET /integrations/grades/gpa
GET /integrations/grades/current
GET /auth/me
GET /integrations/grades/status
GET /integrations/grades/current
GET /integrations/grades/gpa
GET /auth/me
GET /integrations/grades/status
GET /students/me
GET /auth/me
GET /integrations/grades/status
GET /integrations/grades/status
GET /integrations/canvas/status
GET /students/me
GET /auth/me
GET /integrations/grades/status
GET /roadmap
