Manual API available at http://127.0.0.1:3001
GET /auth/me
GET /integrations/grades/status
GET /roadmap
GET /students/me
POST /ai/chat
POST /ai/chat
POST /ai/chat
POST /ai/chat
GET /students/me
GET /integrations/grades/status
GET /integrations/canvas/status
PATCH /students/me/profile
PATCH /students/me/profile
PATCH /students/me/profile
GET /auth/me
GET /integrations/grades/status
GET /integrations/grades/status
GET /students/me
GET /integrations/canvas/status
GET /students/me
GET /integrations/grades/gpa
GET /integrations/grades/current
GET /students/me
GET /integrations/grades/status
GET /integrations/canvas/status
POST /integrations/grades/sync-profile
GET /students/me
GET /integrations/grades/status
GET /integrations/canvas/status
GET /students/me
GET /integrations/grades/gpa
GET /integrations/grades/current
GET /integrations/grades/current
GET /integrations/grades/gpa
GET /students/me
GET /integrations/grades/status
GET /integrations/canvas/status
