Manual API available at http://127.0.0.1:3001
POST /auth/login
GET /integrations/grades/status
GET /students/me
GET /integrations/grades/gpa
GET /integrations/grades/current
GET /assignments
GET /integrations/grades/current
GET /integrations/grades/gpa
GET /integrations/grades/classwork
GET /integrations/grades/current
GET /integrations/grades/gpa
GET /integrations/grades/classwork
GET /integrations/grades/current
GET /integrations/grades/gpa
GET /integrations/grades/report-card
GET /integrations/grades/current
GET /integrations/grades/gpa
GET /integrations/grades/schedule
GET /integrations/grades/current
GET /integrations/grades/gpa
GET /integrations/grades/classwork
GET /integrations/grades/current
GET /integrations/grades/gpa
GET /integrations/grades/contact-teachers
GET /integrations/grades/current
GET /integrations/grades/gpa
GET /integrations/grades/progress-report
GET /integrations/grades/current
GET /integrations/grades/gpa
GET /integrations/grades/transcript
GET /integrations/grades/current
GET /integrations/grades/gpa
GET /integrations/grades/attendance
GET /integrations/grades/current
GET /integrations/grades/gpa
GET /roadmap
