Starting Metro Bundler
Web .\index.ts ░░░░░░░░░░░░░░░░  0.0% (0/1)
Web .\index.ts ░░░░░░░░░░░░░░░░  4.0% (2/4)
Web .\index.ts ░░░░░░░░░░░░░░░░  4.0% ( 21/137)
Web .\index.ts ▓▓▓▓░░░░░░░░░░░░ 28.1% (139/262)
Web .\index.ts ▓▓▓▓▓▓░░░░░░░░░░ 42.0% (249/453)
Web .\index.ts ▓▓▓▓▓▓▓░░░░░░░░░ 44.4% (385/578)
Web .\index.ts ▓▓▓▓▓▓▓▓░░░░░░░░ 51.8% (513/718)
Web .\index.ts ▓▓▓▓▓▓▓▓▓░░░░░░░ 60.5% (646/844)
Web .\index.ts ▓▓▓▓▓▓▓▓▓▓░░░░░░ 66.8% (756/925)
Web .\index.ts ▓▓▓▓▓▓▓▓▓▓▓░░░░░ 74.5% ( 873/1012)
Web .\index.ts ▓▓▓▓▓▓▓▓▓▓▓▓▓▓░░ 88.5% (1030/1095)
Web .\index.ts ▓▓▓▓▓▓▓▓▓▓▓▓▓▓▓░ 96.9% (1157/1188)
Web Bundled 55903ms index.ts (1245 modules)

› Assets (49):
assets\logo.0a67ee328a2005f8225f37790b269650.png (1.32 MB)
node_modules\@expo-google-fonts\inter\100Thin_Italic\Inter_100Thin_Italic.1b97f7df9b976cfe530c18c09598e6f6.ttf (347 kB)
node_modules\@expo-google-fonts\inter\100Thin\Inter_100Thin.ddbb1cd55ad509e82377bd10beed6506.ttf (343 kB)
node_modules\@expo-google-fonts\inter\200ExtraLight_Italic\Inter_200ExtraLight_Italic.3d0662838915a7a16d01c262735d3d29.ttf (347 kB)
node_modules\@expo-google-fonts\inter\200ExtraLight\Inter_200ExtraLight.e1f33daee21eb5998b13d3e05264d9a3.ttf (343 kB)
node_modules\@expo-google-fonts\inter\300Light_Italic\Inter_300Light_Italic.17f8f23a2852bfa14ce5bf590c2a0e2c.ttf (347 kB)
node_modules\@expo-google-fonts\inter\300Light\Inter_300Light.d2994e3dea3856e1834395ad6cce32af.ttf (343 kB)
node_modules\@expo-google-fonts\inter\400Regular_Italic\Inter_400Regular_Italic.36cad9f97595b7759264b945d64502b4.ttf (346 kB)
node_modules\@expo-google-fonts\inter\400Regular\Inter_400Regular.51b6ad87261f18b6433ec52871ddfabc.ttf (342 kB)
node_modules\@expo-google-fonts\inter\500Medium_Italic\Inter_500Medium_Italic.155406bfbfb023eb104728edfe62c0e9.ttf (346 kB)
node_modules\@expo-google-fonts\inter\500Medium\Inter_500Medium.137ab18bace28dd0bd83eb3b8ed2bc54.ttf (343 kB)
node_modules\@expo-google-fonts\inter\600SemiBold_Italic\Inter_600SemiBold_Italic.a349d1ac188e1a67689432f44de99849.ttf (347 kB)
node_modules\@expo-google-fonts\inter\600SemiBold\Inter_600SemiBold.a5f35888d2da465de352e0dcfaf33324.ttf (344 kB)
node_modules\@expo-google-fonts\inter\700Bold_Italic\Inter_700Bold_Italic.3398006c80026f0508aaaf4808950d56.ttf (348 kB)
node_modules\@expo-google-fonts\inter\700Bold\Inter_700Bold.6e237de4f1f413afa2fcc45c77ac343a.ttf (344 kB)
node_modules\@expo-google-fonts\inter\800ExtraBold_Italic\Inter_800ExtraBold_Italic.7ca909a56537d965feef41abe58b87e0.ttf (349 kB)
node_modules\@expo-google-fonts\inter\800ExtraBold\Inter_800ExtraBold.6016034293c084aa0c056e83938bf1cc.ttf (345 kB)
node_modules\@expo-google-fonts\inter\900Black_Italic\Inter_900Black_Italic.d5f78c24de59ce5e4bad405e10e71941.ttf (349 kB)
node_modules\@expo-google-fonts\inter\900Black\Inter_900Black.bcec6eda9700a81ba92c483a2f2c02c1.ttf (345 kB)
node_modules\@expo\vector-icons\build\vendor\react-native-vector-icons\Fonts\AntDesign.3f78af31cca60105799838a1a7a59fbd.ttf (130 kB)
node_modules\@expo\vector-icons\build\vendor\react-native-vector-icons\Fonts\Entypo.31b5ffea3daddc69dd01a1f3d6cf63c5.ttf (66.2 kB)
node_modules\@expo\vector-icons\build\vendor\react-native-vector-icons\Fonts\EvilIcons.140c53a7643ea949007aa9a282153849.ttf (13.5 kB)
node_modules\@expo\vector-icons\build\vendor\react-native-vector-icons\Fonts\Feather.ca4b48e04dc1ce10bfbddb262c8b835f.ttf (55.6 kB)
node_modules\@expo\vector-icons\build\vendor\react-native-vector-icons\Fonts\FontAwesome.b06871f281fee6b241d60582ae9369b9.ttf (166 kB)
node_modules\@expo\vector-icons\build\vendor\react-native-vector-icons\Fonts\FontAwesome5_Brands.3b89dd103490708d19a95adcae52210e.ttf (134 kB)
node_modules\@expo\vector-icons\build\vendor\react-native-vector-icons\Fonts\FontAwesome5_Regular.1f77739ca9ff2188b539c36f30ffa2be.ttf (33.7 kB)
node_modules\@expo\vector-icons\build\vendor\react-native-vector-icons\Fonts\FontAwesome5_Solid.605ed7926cf39a2ad5ec2d1f9d391d3d.ttf (203 kB)
node_modules\@expo\vector-icons\build\vendor\react-native-vector-icons\Fonts\FontAwesome6_Brands.56c8d80832e37783f12c05db7c8849e2.ttf (209 kB)
node_modules\@expo\vector-icons\build\vendor\react-native-vector-icons\Fonts\FontAwesome6_Regular.370dd5af19f8364907b6e2c41f45dbbf.ttf (68 kB)
node_modules\@expo\vector-icons\build\vendor\react-native-vector-icons\Fonts\FontAwesome6_Solid.adec7d6f310bc577f05e8fe06a5daccf.ttf (424 kB)
node_modules\@expo\vector-icons\build\vendor\react-native-vector-icons\Fonts\Fontisto.b49ae8ab2dbccb02c4d11caaacf09eab.ttf (314 kB)
node_modules\@expo\vector-icons\build\vendor\react-native-vector-icons\Fonts\Foundation.e20945d7c929279ef7a6f1db184a4470.ttf (57 kB)
node_modules\@expo\vector-icons\build\vendor\react-native-vector-icons\Fonts\Ionicons.b4eb097d35f44ed943676fd56f6bdc51.ttf (390 kB)
node_modules\@expo\vector-icons\build\vendor\react-native-vector-icons\Fonts\MaterialCommunityIcons.6e435534bd35da5fef04168860a9b8fa.ttf (1.31 MB)
node_modules\@expo\vector-icons\build\vendor\react-native-vector-icons\Fonts\MaterialIcons.4e85bc9ebe07e0340c9c4fc2f6c38908.ttf (357 kB)
node_modules\@expo\vector-icons\build\vendor\react-native-vector-icons\Fonts\Octicons.871378c6eab492a3e689a9385dc45a12.ttf (69.4 kB)
node_modules\@expo\vector-icons\build\vendor\react-native-vector-icons\Fonts\SimpleLineIcons.d2285965fe34b05465047401b8595dd0.ttf (54.1 kB)
node_modules\@expo\vector-icons\build\vendor\react-native-vector-icons\Fonts\Zocial.1681f34aaca71b8dfb70756bca331eb2.ttf (25.8 kB)
node_modules\@react-navigation\elements\lib\module\assets\back-icon-mask.0a328cd9c1afd0afe8e3b1ec5165b1b4.png (653 B)
node_modules\@react-navigation\elements\lib\module\assets\back-icon.35ba0eaec5a4f5ed12ca16fabeae451d.png (207 B)
node_modules\@react-navigation\elements\lib\module\assets\clear-icon.c94f6478e7ae0cdd9f15de1fcb9e5e55.png (4 variations | 425 B)
node_modules\@react-navigation\elements\lib\module\assets\close-icon.808e1b1b9b53114ec2838071a7e6daa7.png (4 variations | 235 B)
node_modules\@react-navigation\elements\lib\module\assets\search-icon.286d67d3f74808a60a78d3ebf1a5fb57.png (928 B)

› web bundles (2):
_expo/static/css/web-3da746faa7f0a8257c704c8f3f52c0bb.css (8.55 kB)
_expo/static/js/web/index-ccf4d906228b1dd6fc88e6573736ae23.js (2.69 MB)

› Files (3):
favicon.ico (14.5 kB)
index.html (1.4 kB)
metadata.json (49 B)

Exported: C:\Users\hamsa\Futurely-mobile\dist
E2E Expo export available at http://127.0.0.1:8082
